2026-09-03 09:38:47,581 - INFO - Matplotlib 字体设置：使用回退字体列表，首选可用字体: Noto Sans CJK SC
2026-09-03 09:38:49,520 - INFO - 使用指定 ChromeDriver: /usr/bin/chromedriver
2026-09-03 09:38:49,597 - INFO - ddddocr 识别器初始化成功
2026-09-03 09:38:49,782 - INFO - captcha-recognizer 滑块识别模型初始化成功
2026-09-03 09:38:49,783 - INFO - 开始南京大学电费监控流程（自动无头模式）
2026-09-03 09:38:49,783 - INFO - 已初始化并清空验证码图片目录: /home/runner/work/nju_electric_monitor/nju_electric_monitor/src/../data/captcha_workflow
2026-09-03 09:38:49,783 - INFO - 正在打开页面: https://epay.nju.edu.cn/epay/h5/nju/electric/index
2026-09-03 09:39:00,420 - INFO - 等待登录表单加载...
2026-09-03 09:39:00,428 - INFO - 登录表单已加载
2026-09-03 09:39:00,428 - INFO - 开始填写登录表单...
2026-09-03 09:39:00,507 - INFO - 用户名填写完成
2026-09-03 09:39:00,576 - INFO - 密码填写完成
2026-09-03 09:39:00,612 - INFO - 未检测到任何验证方式
2026-09-03 09:39:00,612 - INFO - 登录前验证方式检测: none
2026-09-03 09:39:00,612 - INFO - 未检测到传统验证码，点击登录按钮...
2026-09-03 09:39:00,612 - INFO - 查找并点击登录按钮...
2026-09-03 09:39:00,632 - INFO - 通过 ID=login_submit 找到登录按钮
2026-09-03 09:39:00,681 - INFO - 已点击登录按钮
2026-09-03 09:39:07,708 - INFO - 检测到滑块验证（sliderDiv）
2026-09-03 09:39:07,708 - INFO - 登录后验证方式检测: slider
2026-09-03 09:39:07,708 - INFO - 开始处理滑块验证...
2026-09-03 09:39:09,221 - INFO - 滑块验证第 1/3 轮尝试
2026-09-03 09:39:09,553 - INFO - 滑块缺口 box=[180,67,221,105], confidence=0.951, 截图=278px, DOM=278px, 缩放=1.00x, 拖拽偏移=180px
2026-09-03 09:39:09,554 - INFO - 滑块拖拽尝试 1/2 (偏移=180px)
2026-09-03 09:39:27,562 - WARNING - 滑块拖拽第 1 次未通过验证
2026-09-03 09:39:28,562 - INFO - 滑块拖拽尝试 2/2 (偏移=180px)
2026-09-03 09:39:46,657 - WARNING - 滑块拖拽第 2 次未通过验证
2026-09-03 09:39:46,657 - ERROR - 滑块验证 2 次尝试均失败
2026-09-03 09:39:46,657 - WARNING - 第 1 轮滑块拖拽失败
2026-09-03 09:39:47,658 - INFO - 滑块验证第 2/3 轮尝试
2026-09-03 09:39:47,973 - INFO - 滑块缺口 box=[111,87,152,126], confidence=0.955, 截图=280px, DOM=280px, 缩放=1.00x, 拖拽偏移=111px
2026-09-03 09:39:47,973 - INFO - 滑块拖拽尝试 1/2 (偏移=111px)
2026-09-03 09:40:07,085 - INFO - 滑块验证通过（sliderDiv 元素不存在）
2026-09-03 09:40:07,085 - INFO - 滑块验证第 2 轮成功
2026-09-03 09:40:07,085 - INFO - 等待登录成功...
2026-09-03 09:40:07,096 - INFO - 检测到已跳转到电费页面: https://epay.nju.edu.cn/epay/h5/nju/electric/index
2026-09-03 09:40:07,096 - INFO - 查找'去充值'按钮...
2026-09-03 09:40:07,118 - INFO - 通过文本包含 '去充值' 找到充值按钮
2026-09-03 09:40:08,740 - INFO - 已点击充值按钮
2026-09-03 09:40:11,740 - INFO - 开始提取剩余电量信息...
2026-09-03 09:40:11,757 - INFO - 找到电量信息元素（已省略具体文本以保护隐私）
2026-09-03 09:40:11,758 - WARNING - 未在元素中找到标准格式的电量信息
2026-09-03 09:40:11,769 - INFO - 找到 i 标签中的电量信息（已省略具体文本）
2026-09-03 09:40:11,769 - WARNING - i标签中未找到标准格式的电量信息
2026-09-03 09:40:11,769 - WARNING - 未找到i标签中的电量信息
2026-09-03 09:40:11,773 - INFO - 在页面源码中查找电量信息...
2026-09-03 09:40:11,773 - INFO - 从页面源码中提取到剩余电量: 797.29 度
2026-09-03 09:40:11,781 - INFO - 数据已保存: 797.29 度
2026-09-03 09:40:12,015 - INFO - 电量变化曲线图已保存到: /home/runner/work/nju_electric_monitor/nju_electric_monitor/src/../data/electricity_trend.png
2026-09-03 09:40:12,241 - INFO - 最近20次电量变化曲线图已保存到: /home/runner/work/nju_electric_monitor/nju_electric_monitor/src/../data/recent_20_changes.png
2026-09-03 09:40:12,241 - INFO - 当前剩余电量 797.29 度，高于告警阈值 15.0 度，不发送邮件
2026-09-03 09:40:12,241 - INFO - 监控流程完成
2026-09-03 09:52:27,561 - INFO - Matplotlib 字体设置：使用回退字体列表，首选可用字体: Noto Sans CJK SC
2026-09-03 09:52:28,736 - INFO - 使用指定 ChromeDriver: /usr/bin/chromedriver
2026-09-03 09:52:28,814 - INFO - ddddocr 识别器初始化成功
2026-09-03 09:52:28,936 - INFO - captcha-recognizer 滑块识别模型初始化成功
2026-09-03 09:52:28,936 - INFO - 开始南京大学电费监控流程（自动无头模式）
2026-09-03 09:52:28,936 - INFO - 已初始化并清空验证码图片目录: /home/runner/work/nju_electric_monitor/nju_electric_monitor/src/../data/captcha_workflow
2026-09-03 09:52:28,936 - INFO - 正在打开页面: https://epay.nju.edu.cn/epay/h5/nju/electric/index
2026-09-03 09:52:39,821 - INFO - 等待登录表单加载...
2026-09-03 09:52:39,828 - INFO - 登录表单已加载
2026-09-03 09:52:39,829 - INFO - 开始填写登录表单...
2026-09-03 09:52:39,887 - INFO - 用户名填写完成
2026-09-03 09:52:39,937 - INFO - 密码填写完成
2026-09-03 09:52:39,963 - INFO - 未检测到任何验证方式
2026-09-03 09:52:39,963 - INFO - 登录前验证方式检测: none
2026-09-03 09:52:39,963 - INFO - 未检测到传统验证码，点击登录按钮...
2026-09-03 09:52:39,963 - INFO - 查找并点击登录按钮...
2026-09-03 09:52:39,978 - INFO - 通过 ID=login_submit 找到登录按钮
2026-09-03 09:52:40,012 - INFO - 已点击登录按钮
2026-09-03 09:52:47,033 - INFO - 检测到滑块验证（sliderDiv）
2026-09-03 09:52:47,033 - INFO - 登录后验证方式检测: slider
2026-09-03 09:52:47,033 - INFO - 开始处理滑块验证...
2026-09-03 09:52:48,543 - INFO - 滑块验证第 1/3 轮尝试
2026-09-03 09:52:48,753 - INFO - 滑块缺口 box=[128,87,172,124], confidence=0.955, 截图=278px, DOM=278px, 缩放=1.00x, 拖拽偏移=128px
2026-09-03 09:52:48,753 - INFO - 滑块拖拽尝试 1/2 (偏移=128px)
2026-09-03 09:53:08,701 - INFO - 滑块验证通过（sliderDiv 元素不存在）
2026-09-03 09:53:08,701 - INFO - 滑块验证第 1 轮成功
2026-09-03 09:53:08,701 - INFO - 等待登录成功...
2026-09-03 09:53:08,710 - INFO - 检测到已跳转到电费页面: https://epay.nju.edu.cn/epay/h5/nju/electric/index
2026-09-03 09:53:08,710 - INFO - 查找'去充值'按钮...
2026-09-03 09:53:08,726 - INFO - 通过文本包含 '去充值' 找到充值按钮
2026-09-03 09:53:10,853 - INFO - 已点击充值按钮
2026-09-03 09:53:13,853 - INFO - 开始提取剩余电量信息...
2026-09-03 09:53:13,867 - INFO - 找到电量信息元素（已省略具体文本以保护隐私）
2026-09-03 09:53:13,867 - WARNING - 未在元素中找到标准格式的电量信息
2026-09-03 09:53:13,876 - INFO - 找到 i 标签中的电量信息（已省略具体文本）
2026-09-03 09:53:13,876 - WARNING - i标签中未找到标准格式的电量信息
2026-09-03 09:53:13,876 - WARNING - 未找到i标签中的电量信息
2026-09-03 09:53:13,878 - INFO - 在页面源码中查找电量信息...
2026-09-03 09:53:13,878 - INFO - 从页面源码中提取到剩余电量: 797.29 度
2026-09-03 09:53:13,885 - INFO - 数据已保存: 797.29 度
2026-09-03 09:53:14,049 - INFO - 电量变化曲线图已保存到: /home/runner/work/nju_electric_monitor/nju_electric_monitor/src/../data/electricity_trend.png
2026-09-03 09:53:14,204 - INFO - 最近20次电量变化曲线图已保存到: /home/runner/work/nju_electric_monitor/nju_electric_monitor/src/../data/recent_20_changes.png
2026-09-03 09:53:14,205 - INFO - 当前剩余电量 797.29 度，高于告警阈值 15.0 度，不发送邮件
2026-09-03 09:53:14,205 - INFO - 监控流程完成
